vs code:
ANGULAR STEP :
1. npm install -g @angular/cli
2. ng new a2hello
3. cd a2hello
4. ng serve
5. ng generate module app-routing --flat --module=app
6. ctrl + c

REACT STEP :
1. npm install -g create-react-app
2. create-react-app my-app
3. cd my-app
   npm start
http://localhost:3000

REDUX STEP :
1. npm install --save redux react-redux redux-thunk axios or yarn add redux react-redux redux-thunk axios
2. npm i --save redux-logger
3. npm install --save redux react-redux redux-thunk redux-logger react-router-dom axios
4. npm start


TEST Internet Connection di terminal:
ping www.google.com
ping registry.npmjs.org
--proxy username:password@10.70.152.132:8080
cmd:
set http_proxy=http://10.70.152.132:8080
netsh winhttp set proxy proxy-server="socks=10.70.152.132:8080" bypass-list="localhost"


Step 1: Download Node.js
Download the latest release of Node.js from: Nodejs downloads page. I have downloaded Node.js for Windows  Windows (x86)/ 64-bit and the filename is: node-v8.11.4 msi
Step 2: Install Node.js for Windows.
In Windows Explorer, locate the downloaded Nodejs .msi file. Double-click the .msi file. A set of screens will appear to guide you through the installation process. This will install Node.js and Node Package Manager (NPM) on your machine.
Step 3: Verify Node.js Installation
Type the following commands to check the versions of Node.js and NPM

$ node -v
$ npm -v

Step 4: Install Angular CLI
Angular Command Line Interface (CLI) is the easiest way to create new Angular projects. Execute the following NPM command:

$ npm install @angular/cli -g

After this installation, the CLI tool can be accessed by using ng commands.
Step 5: Verify Angular CLI
Type the command: ng -v to check the versions of Angular CLI and Angular. It will give an output similar to the following:

$ ng -v
_                      _                 ____ _     ___
/ \   _ __   __ _ _   _| | __ _ _ __     / ___| |   |_ _|
/ ? \ | '_ \ / _` | | | | |/ _` | '__|   | |   | |    | |
/ ___ \| | | | (_| | |_| | | (_| | |      | |___| |___ | |
/_/   \_\_| |_|\__, |\__,_|_|\__,_|_|       \____|_____|___|
|___/

Angular CLI: 6.1.3
Node: 8.9.3
OS: win32 x64
Angular: 5.1.0

step 6:
 view ? integrated terminal
npm install typescript -g
The "-g" command says that you can execute typescript command from any folder.
perintah : tsc Customer.ts => Customer.js



install angular material (jika gagal cek update& install : npm install -g npm-check-updates):
npm install --save hammerjs @angular/material @angular/cdk
npm install @angular/flex-layout --save
=> npm uninstall @angular/material @angular/cdk --save
then 
=> npm install @angular/material@5.2.0 @angular/cdk@5.2.0 --save
and for CDK use :
=> npm uninstall @angular/flex-layout --save
then
=> npm install @angular/flex-layout@5.0.0-beta.15 --save

npm install angular-bootstrap-md --save

Install
git clone https://github.com/robinradic/angular2-jspm-ts-systemjs a2jspm
cd a2jspm
npm install
jspm install
npm install tsd -g (optional)
tsd install
jspm install bootstrap-less
git clone https://github.com/RobinBuschmann/typescript-angular-seed.git
npm run serve

step 7:
npm install -g jspm
jspm init
npm install --save-dev jspm
npm install --save angular2
jspm install angular2 zone.js reflect-metadata
jspm install angular2@^2.0.0-beta.2 typescript@^1.6.2 zone.js@^0.5.13 reflect-metadata@^0.1.3 plugin-typescript@^2.5.9
jspm install angular2@^2.0.0-rc.1 platform-browser-dynamic@2.0.0-rc.1
jspm i npm:@angular/core@2.0.0-rc.1 npm:@angular/common@2.0.0-rc.1 npm:@angular/compiler@2.0.0-rc.1 npm:@angular/http@2.0.0-rc.1 npm:@angular/platform-browser@2.0.0-rc.1 npm:@angular/platform-browser-dynamic@2.0.0-rc.1 npm:@angular/router@2.0.0-rc.1
npm i rxjs@5.0.0-beta.7
jspm i npm:@plugin-css@0.1.21
jspm install plugin-traceur
jspm dl-loader --latest

"Tidak ada boleh comment di html angular2"

npm i --save angular2-polyfill
Or with jspm
jspm i npm:angular2-polyfill

jspm install css
or
npm install systemjs-plugin-css
Then add the configuration:
SystemJS.config({
  map: {
    css: 'node_modules/systemjs-plugin-css/css.js'
  }
});

npm install -g npm-check-updates
ncu
jspm inspect npm:rxjs

jspm install ts
tsc --init
err  TypeError: Install of angular2 to ^2.0.0-beta.21 has no registry property provided.
jspm install bootstrap

npm install http-server -g
run: 
http-server

jspm cache-clear

npm init
npm install
JSPM digunakan untuk mengelola library yang kita gunakan dalam project Angular 2. Kira-kira mirip dengan Maven di Java
Kita juga bisa menjalankan transpiler untuk selalu memantau file .ts sehingga kita tidak perlu menjalankan kompilasi setiap file diedit. Jalankan tsc dengan opsi -w (watch)
- tsc -w *.ts
package.json : Konfigurasi dependency management untuk mencatat daftar package/library yang dibutuhkan. File ini digunakan oleh npm untuk mengunduh dan memasang library tambahan yang kita butuhkan dalam aplikasi yang akan kita buat.
tsconfig.json : Konfigurasi transpiler TypeScript. Adanya file ini menunjukkan bahwa folder ini merupakan project TypeScript.
Untuk membuat file package.json, kita jalankan perintah 
- npm init
Dia akan membuatkan file tsconfig.json

git config petanikode.


Error
step 0: run this command punya Node as Administrator
npm uninstall -g @angular/cli
npm cache clean --force
step 1: delete this folder: C:\Users\%YOUR-USERNAME%\AppData\Roaming\npm
step 2: uninstall Nodejs from Windows
step 3: restart your PC
step 4: install a fresh copy of Nodejs from here: https://nodejs.org/en/
step 5: install the CLI globally
npm install -g @angular/cli@latest

3. delete C:\Users\Lenovo\AppData\Roaming\npm
4. C:\Users\Lenovo\AppData\Roaming\npm-cache

Nodeclipse


create new repository di github
https://github.com/wanto82/testGit
git gui:
add
name :aaa
location :https://github.com/wanto82/testGit.git
baru location: https://github.com/wanto82/PjocectFrontend.git

push:
rescan, pilih staged changes ke bwh s/d push
pull:
edit file, commit di github
remote, fetch from (lihat di folder explorer)
merge, tracking branch (jika g ada restart git gui)

repair git:
git pull origin master --allow-unrelated-histories
git push origin master

- buat folder di D, buka git gui, create new repository, buka folder yg dibuat
- klik kanan folder baru, git bash

- checkout baru :
$ git clone https://github.com/wanto82/PjocectFrontend.git
- upload file ke github repository via git bash :
git init
git add * ato git add . or git add --all
git add file.txt
git add nama_folder
git add nama_folder/
git status
git commit -m "commit ke 1"
git remote add origin https://github.com/wanto82/PjocectFrontend.git
git remote -v
git push origin master
- download file via git bash :
git pull origin master --allow-unrelated-histories
git pull origin master
- delete file di github repository :
rm file.txt
git add file.txt
git status
git commit -m "Delete file.txt"
git push -u origin master

search plugin STS Eclipse plugin di eclipse :
STS Eclipse plugin

extension vs code react : 
ES7 React/Redux/GraphQL/React-Native snippets
Debugger for Chrome

install vs code:
uninstall, delete folder :"C:\Users\Lenovo\AppData\Roaming\Code"
buat workspace di git repository, buat folder, add folder to workspace

android_winusb.inf_x86_neutral_bd75d06c56998078
android_winusb.inf_x86_neutral_851156bee7eaa6a7

proxy:
file, preferences, 
copy :
{
 "http.proxy": "10.70.152.132:8080",
 "https.proxy": "10.70.152.132:8080",
 "http.proxyStrictSSL": false
}

  "http.proxy": "http://10.70.152.132:8080",
  "https.proxy": "httpS://10.70.152.132:8080",
  "http.proxyStrictSSL": false

ato via terminal :
npm config set proxy http://10.70.152.132:8080
npm config set https-proxy http://10.70.152.132:8080

git eclipse to github:
create project, new-Class(optional),klik kanan-team, Disconnect,
klik kanan-team, Share Project, uncheck-Use or Create repository,
Create, pilih : D:\PROJECT\gitOk_toGithub, Finish.
lihat di project (gitOk_toGithub master), klik kanan-team, Disconnect,
klik kanan-team, Share Project, check-Use or Create repository, check-pilih titik 1 (.), Finish.
klik kanan-team, commit, di box unstaged changed, tekan +/ ++ (semua), isi commit message, commit and push.
buat repository github 1 project 1 repository- gitOk_toGithub.
isi URI : https://github.com/wanto82/gitOk_toGithub.git, Next, Next, finish
git github to eclipse:
File, import, Git-Project from Git, Clone URI, isi URI: https://github.com/wanto82/gitOk_toGithub.git, Next, 
isi Directory: D:\PROJECT\gitOk_toGithub, pilih Import existingEclip project, 
Working Tree - D:\PROJECT\gitOk_toGithub, Next, Finish.